
Allocating common symbols
Common symbol       size              file

isr_table           0x80              soc-hw.o
tic_msec            0x4               soc-hw.o

Memory Configuration

Name             Origin             Length             Attributes
ram              0x0000000000000000 0x0000000000001000
*default*        0x0000000000000000 0xffffffffffffffff

Linker script and memory map

                0x0000000000000000                __DYNAMIC = 0x0
                0x0000000000000000                _RAM_START = 0x0
                0x0000000000001000                _RAM_SIZE = 0x1000
                0x0000000000001000                _RAM_END = (_RAM_START + _RAM_SIZE)

.text           0x0000000000000000      0xd48
                0x0000000000000000                _ftext = .
 *(.text .stub .text.* .gnu.linkonce.t.*)
 .text          0x0000000000000000      0x208 crt0ram.o
                0x0000000000000000                _start
                0x0000000000000140                irq_enable
                0x000000000000014c                irq_disable
                0x0000000000000158                irq_set_mask
                0x0000000000000160                irq_get_mask
                0x0000000000000168                jump
                0x000000000000016c                halt
                0x00000000000001f8                get_sp
                0x0000000000000200                get_gp
 .text          0x0000000000000208      0x874 main.o
                0x0000000000000208                vsig_pot
                0x0000000000000240                volumen
                0x0000000000000288                ajustment
                0x000000000000043c                sel_nota
                0x0000000000000574                t_muestra
                0x0000000000000618                n_muestra
                0x000000000000070c                step
                0x0000000000000800                time_for
                0x00000000000008f4                play_note
                0x00000000000009b0                main
 .text          0x0000000000000a7c      0x2cc soc-hw.o
                0x0000000000000a7c                isr_null
                0x0000000000000a80                tic_isr
                0x0000000000000aac                irq_handler
                0x0000000000000b10                isr_init
                0x0000000000000b34                isr_register
                0x0000000000000b4c                isr_unregister
                0x0000000000000b6c                gpio_init
                0x0000000000000b80                gpio_read
                0x0000000000000b94                gpio_write
                0x0000000000000ba8                set_pin
                0x0000000000000bf0                pin_inv
                0x0000000000000c34                msleep
                0x0000000000000c70                nsleep
                0x0000000000000ca0                tic_init
                0x0000000000000ce4                trigger_set0
                0x0000000000000cf8                read_count0
                0x0000000000000d0c                trigger_set1
                0x0000000000000d20                read_count1
                0x0000000000000d34                set_digpot
                0x0000000000000d48                _etext = .

.rodata         0x0000000000000d48        0x4
                0x0000000000000d48                . = ALIGN (0x4)
                0x0000000000000d48                _frodata = .
 *(.rodata .rodata.* .gnu.linkonce.r.*)
 .rodata.cst4   0x0000000000000d48        0x4 soc-hw.o
 *(.rodata1)
                0x0000000000000d4c                _erodata = .

.data           0x0000000000000d4c       0x14
                0x0000000000000d4c                . = ALIGN (0x4)
                0x0000000000000d4c                _fdata = .
 *(.data .data.* .gnu.linkonce.d.*)
 .data          0x0000000000000d4c        0x0 crt0ram.o
 .data          0x0000000000000d4c        0x0 main.o
 .data          0x0000000000000d4c       0x14 soc-hw.o
                0x0000000000000d4c                timer0
                0x0000000000000d50                gpio0
                0x0000000000000d54                digpot0
                0x0000000000000d58                trigger0
                0x0000000000000d5c                trigger1
 *(.data1)
                0x0000000000000d60                _gp = ALIGN (0x10)
 *(.sdata .sdata.* .gnu.linkonce.s.*)
                0x0000000000000d60                _edata = .

.bss            0x0000000000000d60       0x84
                0x0000000000000d60                . = ALIGN (0x4)
                0x0000000000000d60                _fbss = .
 *(.dynsbss)
 *(.sbss .sbss.* .gnu.linkonce.sb.*)
 *(.scommon)
 *(.dynbss)
 *(.bss .bss.* .gnu.linkonce.b.*)
 .bss           0x0000000000000d60        0x0 crt0ram.o
 .bss           0x0000000000000d60        0x0 main.o
 .bss           0x0000000000000d60        0x0 soc-hw.o
 *(COMMON)
 COMMON         0x0000000000000d60       0x84 soc-hw.o
                0x0000000000000d60                isr_table
                0x0000000000000de0                tic_msec
                0x0000000000000de4                _ebss = .
                0x0000000000000de4                _end = .
                0x0000000000000ffc                PROVIDE (_fstack, ((ORIGIN (ram) + 0x1000) - 0x4))
LOAD crt0ram.o
LOAD main.o
LOAD soc-hw.o
OUTPUT(image elf32-lm32)

.debug_abbrev   0x0000000000000000      0x39f
 .debug_abbrev  0x0000000000000000      0x1e6 main.o
 .debug_abbrev  0x00000000000001e6      0x1b9 soc-hw.o

.debug_info     0x0000000000000000      0xaac
 .debug_info    0x0000000000000000      0x4c8 main.o
 .debug_info    0x00000000000004c8      0x5e4 soc-hw.o

.debug_line     0x0000000000000000      0xb43
 .debug_line    0x0000000000000000      0x826 main.o
 .debug_line    0x0000000000000826      0x31d soc-hw.o

.debug_frame    0x0000000000000000      0x1f0
 .debug_frame   0x0000000000000000       0xb0 main.o
 .debug_frame   0x00000000000000b0      0x140 soc-hw.o

.debug_loc      0x0000000000000000      0x81c
 .debug_loc     0x0000000000000000      0x69a main.o
 .debug_loc     0x000000000000069a      0x182 soc-hw.o

.debug_pubnames
                0x0000000000000000      0x208
 .debug_pubnames
                0x0000000000000000       0x8f main.o
 .debug_pubnames
                0x000000000000008f      0x179 soc-hw.o

.debug_pubtypes
                0x0000000000000000       0xbe
 .debug_pubtypes
                0x0000000000000000       0x43 main.o
 .debug_pubtypes
                0x0000000000000043       0x7b soc-hw.o

.debug_aranges  0x0000000000000000       0x40
 .debug_aranges
                0x0000000000000000       0x20 main.o
 .debug_aranges
                0x0000000000000020       0x20 soc-hw.o

.debug_str      0x0000000000000000      0x2be
 .debug_str     0x0000000000000000      0x131 main.o
                                        0x152 (size before relaxing)
 .debug_str     0x0000000000000131      0x18d soc-hw.o
                                        0x220 (size before relaxing)

.comment        0x0000000000000000       0x11
 .comment       0x0000000000000000       0x11 main.o
                                         0x12 (size before relaxing)
 .comment       0x0000000000000000       0x12 soc-hw.o

.debug_ranges   0x0000000000000000       0x18
 .debug_ranges  0x0000000000000000       0x18 soc-hw.o
