
Allocating common symbols
Common symbol       size              file

isr_table           0x80              soc-hw.o
tic_msec            0x4               soc-hw.o

Memory Configuration

Name             Origin             Length             Attributes
ram              0x0000000000000000 0x0000000000001000
*default*        0x0000000000000000 0xffffffffffffffff

Linker script and memory map

                0x0000000000000000                __DYNAMIC = 0x0
                0x0000000000000000                _RAM_START = 0x0
                0x0000000000001000                _RAM_SIZE = 0x1000
                0x0000000000001000                _RAM_END = (_RAM_START + _RAM_SIZE)

.text           0x0000000000000000      0xa8c
                0x0000000000000000                _ftext = .
 *(.text .stub .text.* .gnu.linkonce.t.*)
 .text          0x0000000000000000      0x208 crt0ram.o
                0x0000000000000000                _start
                0x0000000000000140                irq_enable
                0x000000000000014c                irq_disable
                0x0000000000000158                irq_set_mask
                0x0000000000000160                irq_get_mask
                0x0000000000000168                jump
                0x000000000000016c                halt
                0x00000000000001f8                get_sp
                0x0000000000000200                get_gp
 .text          0x0000000000000208      0x5b8 main.o
                0x0000000000000208                vsig_pot
                0x0000000000000240                volumen
                0x0000000000000288                ajustment
                0x000000000000043c                main
 .text          0x00000000000007c0      0x2cc soc-hw.o
                0x00000000000007c0                isr_null
                0x00000000000007c4                tic_isr
                0x00000000000007f0                irq_handler
                0x0000000000000854                isr_init
                0x0000000000000878                isr_register
                0x0000000000000890                isr_unregister
                0x00000000000008b0                gpio_init
                0x00000000000008c4                gpio_read
                0x00000000000008d8                gpio_write
                0x00000000000008ec                set_pin
                0x0000000000000934                pin_inv
                0x0000000000000978                msleep
                0x00000000000009b4                nsleep
                0x00000000000009e4                tic_init
                0x0000000000000a28                trigger_set0
                0x0000000000000a3c                read_count0
                0x0000000000000a50                trigger_set1
                0x0000000000000a64                read_count1
                0x0000000000000a78                set_digpot
                0x0000000000000a8c                _etext = .

.rodata         0x0000000000000a8c        0x4
                0x0000000000000a8c                . = ALIGN (0x4)
                0x0000000000000a8c                _frodata = .
 *(.rodata .rodata.* .gnu.linkonce.r.*)
 .rodata.cst4   0x0000000000000a8c        0x4 soc-hw.o
 *(.rodata1)
                0x0000000000000a90                _erodata = .

.data           0x0000000000000a90       0x14
                0x0000000000000a90                . = ALIGN (0x4)
                0x0000000000000a90                _fdata = .
 *(.data .data.* .gnu.linkonce.d.*)
 .data          0x0000000000000a90        0x0 crt0ram.o
 .data          0x0000000000000a90        0x0 main.o
 .data          0x0000000000000a90       0x14 soc-hw.o
                0x0000000000000a90                timer0
                0x0000000000000a94                gpio0
                0x0000000000000a98                digpot0
                0x0000000000000a9c                trigger0
                0x0000000000000aa0                trigger1
 *(.data1)
                0x0000000000000ab0                _gp = ALIGN (0x10)
 *(.sdata .sdata.* .gnu.linkonce.s.*)
                0x0000000000000aa4                _edata = .

.bss            0x0000000000000aa4       0x84
                0x0000000000000aa4                . = ALIGN (0x4)
                0x0000000000000aa4                _fbss = .
 *(.dynsbss)
 *(.sbss .sbss.* .gnu.linkonce.sb.*)
 *(.scommon)
 *(.dynbss)
 *(.bss .bss.* .gnu.linkonce.b.*)
 .bss           0x0000000000000aa4        0x0 crt0ram.o
 .bss           0x0000000000000aa4        0x0 main.o
 .bss           0x0000000000000aa4        0x0 soc-hw.o
 *(COMMON)
 COMMON         0x0000000000000aa4       0x84 soc-hw.o
                0x0000000000000aa4                isr_table
                0x0000000000000b24                tic_msec
                0x0000000000000b28                _ebss = .
                0x0000000000000b28                _end = .
                0x0000000000000ffc                PROVIDE (_fstack, ((ORIGIN (ram) + 0x1000) - 0x4))
LOAD crt0ram.o
LOAD main.o
LOAD soc-hw.o
OUTPUT(image elf32-lm32)

.debug_abbrev   0x0000000000000000      0x306
 .debug_abbrev  0x0000000000000000      0x14d main.o
 .debug_abbrev  0x000000000000014d      0x1b9 soc-hw.o

.debug_info     0x0000000000000000      0x8dd
 .debug_info    0x0000000000000000      0x2f9 main.o
 .debug_info    0x00000000000002f9      0x5e4 soc-hw.o

.debug_line     0x0000000000000000      0x712
 .debug_line    0x0000000000000000      0x3f5 main.o
 .debug_line    0x00000000000003f5      0x31d soc-hw.o

.debug_frame    0x0000000000000000      0x190
 .debug_frame   0x0000000000000000       0x50 main.o
 .debug_frame   0x0000000000000050      0x140 soc-hw.o

.debug_loc      0x0000000000000000      0x54a
 .debug_loc     0x0000000000000000      0x3c8 main.o
 .debug_loc     0x00000000000003c8      0x182 soc-hw.o

.debug_pubnames
                0x0000000000000000      0x1bb
 .debug_pubnames
                0x0000000000000000       0x42 main.o
 .debug_pubnames
                0x0000000000000042      0x179 soc-hw.o

.debug_pubtypes
                0x0000000000000000       0xbe
 .debug_pubtypes
                0x0000000000000000       0x43 main.o
 .debug_pubtypes
                0x0000000000000043       0x7b soc-hw.o

.debug_aranges  0x0000000000000000       0x40
 .debug_aranges
                0x0000000000000000       0x20 main.o
 .debug_aranges
                0x0000000000000020       0x20 soc-hw.o

.debug_str      0x0000000000000000      0x26b
 .debug_str     0x0000000000000000       0xde main.o
                                         0xf5 (size before relaxing)
 .debug_str     0x00000000000000de      0x18d soc-hw.o
                                        0x221 (size before relaxing)

.comment        0x0000000000000000       0x11
 .comment       0x0000000000000000       0x11 main.o
                                         0x12 (size before relaxing)
 .comment       0x0000000000000000       0x12 soc-hw.o

.debug_ranges   0x0000000000000000       0x18
 .debug_ranges  0x0000000000000000       0x18 soc-hw.o
