
Memory Configuration

Name             Origin             Length             Attributes
ram              0x0000000000000000 0x0000000000001000
*default*        0x0000000000000000 0xffffffffffffffff

Linker script and memory map

                0x0000000000000000                __DYNAMIC = 0x0
                0x0000000000000000                _RAM_START = 0x0
                0x0000000000001000                _RAM_SIZE = 0x1000
                0x0000000000001000                _RAM_END = (_RAM_START + _RAM_SIZE)

.text           0x0000000000000000      0x6f4
                0x0000000000000000                _ftext = .
 *(.text .stub .text.* .gnu.linkonce.t.*)
 .text          0x0000000000000000      0x208 crt0ram.o
                0x0000000000000000                _start
                0x0000000000000140                irq_enable
                0x000000000000014c                irq_disable
                0x0000000000000158                irq_set_mask
                0x0000000000000160                irq_get_mask
                0x0000000000000168                jump
                0x000000000000016c                halt
                0x00000000000001f8                get_sp
                0x0000000000000200                get_gp
 .text          0x0000000000000208      0x23c main.o
                0x0000000000000208                hexprint
                0x00000000000003d8                main
 .text          0x0000000000000444      0x2b0 soc-hw.o
                0x0000000000000444                irq_handler
                0x00000000000004d0                set_pin
                0x0000000000000518                pin_inv
                0x000000000000055c                msleep1
                0x0000000000000598                usleep1
                0x00000000000005c8                tic_isr
                0x0000000000000654                tic_init0
                0x0000000000000678                uart_getchar
                0x000000000000069c                uart_putchar
                0x00000000000006c0                uart_putstr
                0x00000000000006f4                _etext = .

.rodata         0x00000000000006f4        0x8
                0x00000000000006f4                . = ALIGN (0x4)
                0x00000000000006f4                _frodata = .
 *(.rodata .rodata.* .gnu.linkonce.r.*)
 .rodata.str1.4
                0x00000000000006f4        0x4 main.o
 .rodata.cst4   0x00000000000006f8        0x4 soc-hw.o
 *(.rodata1)
                0x00000000000006fc                _erodata = .

.data           0x00000000000006fc       0x14
                0x00000000000006fc                . = ALIGN (0x4)
                0x00000000000006fc                _fdata = .
 *(.data .data.* .gnu.linkonce.d.*)
 .data          0x00000000000006fc        0x0 crt0ram.o
 .data          0x00000000000006fc        0x0 main.o
 .data          0x00000000000006fc       0x14 soc-hw.o
                0x00000000000006fc                uart0
                0x0000000000000700                timer0
                0x0000000000000704                gpio0
                0x0000000000000708                spi0
                0x000000000000070c                i2c0
 *(.data1)
                0x0000000000000710                _gp = ALIGN (0x10)
 *(.sdata .sdata.* .gnu.linkonce.s.*)
                0x0000000000000710                _edata = .

.bss            0x0000000000000710        0x8
                0x0000000000000710                . = ALIGN (0x4)
                0x0000000000000710                _fbss = .
 *(.dynsbss)
 *(.sbss .sbss.* .gnu.linkonce.sb.*)
 *(.scommon)
 *(.dynbss)
 *(.bss .bss.* .gnu.linkonce.b.*)
 .bss           0x0000000000000710        0x0 crt0ram.o
 .bss           0x0000000000000710        0x0 main.o
 .bss           0x0000000000000710        0x8 soc-hw.o
                0x0000000000000710                v_ch1
                0x0000000000000711                v_ch2
                0x0000000000000712                v_ch3
                0x0000000000000714                estado_actual
 *(COMMON)
                0x0000000000000718                _ebss = .
                0x0000000000000718                _end = .
                0x0000000000000ffc                PROVIDE (_fstack, ((ORIGIN (ram) + 0x1000) - 0x4))
LOAD crt0ram.o
LOAD main.o
LOAD soc-hw.o
OUTPUT(image elf32-lm32)

.debug_abbrev   0x0000000000000000      0x2e2
 .debug_abbrev  0x0000000000000000      0x145 main.o
 .debug_abbrev  0x0000000000000145      0x19d soc-hw.o

.debug_info     0x0000000000000000      0x72c
 .debug_info    0x0000000000000000      0x1eb main.o
 .debug_info    0x00000000000001eb      0x541 soc-hw.o

.debug_line     0x0000000000000000      0x43a
 .debug_line    0x0000000000000000      0x192 main.o
 .debug_line    0x0000000000000192      0x2a8 soc-hw.o

.debug_frame    0x0000000000000000       0xe0
 .debug_frame   0x0000000000000000       0x30 main.o
 .debug_frame   0x0000000000000030       0xb0 soc-hw.o

.debug_loc      0x0000000000000000      0x378
 .debug_loc     0x0000000000000000      0x1b9 main.o
 .debug_loc     0x00000000000001b9      0x1bf soc-hw.o

.debug_pubnames
                0x0000000000000000      0x127
 .debug_pubnames
                0x0000000000000000       0x28 main.o
 .debug_pubnames
                0x0000000000000028       0xff soc-hw.o

.debug_pubtypes
                0x0000000000000000       0x97
 .debug_pubtypes
                0x0000000000000000       0x36 main.o
 .debug_pubtypes
                0x0000000000000036       0x61 soc-hw.o

.debug_aranges  0x0000000000000000       0x40
 .debug_aranges
                0x0000000000000000       0x20 main.o
 .debug_aranges
                0x0000000000000020       0x20 soc-hw.o

.debug_ranges   0x0000000000000000       0x18
 .debug_ranges  0x0000000000000000       0x18 main.o

.debug_str      0x0000000000000000      0x21c
 .debug_str     0x0000000000000000      0x115 main.o
                                        0x121 (size before relaxing)
 .debug_str     0x0000000000000115      0x107 soc-hw.o
                                        0x1ed (size before relaxing)

.comment        0x0000000000000000       0x11
 .comment       0x0000000000000000       0x11 main.o
                                         0x12 (size before relaxing)
 .comment       0x0000000000000000       0x12 soc-hw.o
